--------------------------------------------------------------------------------
      name:  <unnamed>
       log:  /Users/annieyaeger/Desktop/disability_disaster_response/stata/disd0
> 3_descriptives.log
  log type:  text
 opened on:   8 Jul 2024, 11:57:22

. 
. //  author:             Annie Yaeger 
. 
. ***--------------------------***
. // PROGRAM SETUP
. ***--------------------------***
. 
. version 18 

. set linesize 80

. clear all

. set more off

. 
. ***--------------------------***
. // DESCRIPTIVE STATISTICS
. ***--------------------------***
. use $data/2021_NHS_general_data_disd02.dta

. 
. //Confidence, preparedness stage, and info by disability status
. dtable i.confidence_prep i.preparedness_stage mean_info         ///
>         male /// 
>         c.income_redi i.insurance_ownership mean_cbo  ///
>         new_disaster_experience i.education i.race_ethnicity i.age i.simple_em
> ployment, by(disability) ///
>         export("$results/disd03_dtable_disability.docx", as(docx) replace)
variable income_redi not found
r(111);

end of do-file

r(111);

. clear

. exit
